// Jest Snapshot v1, https://goo.gl/fbAQLP

exports[`Footer Testing Match Snapshot 1`] = `
<footer
  className="footer"
>
  <a
    href="/"
  >
    Terminos de uso
  </a>
  <a
    href="/"
  >
    Declaraci√≥n de privacidad
  </a>
  <a
    href="/"
  >
    Centro de ayuda
  </a>
</footer>
`;

exports[`Footer Testing footer has class .footer 1`] = `undefined`;
